// Jest Snapshot v1, https://goo.gl/fbAQLP

exports[`Testing snapshots 1`] = `
Array [
  "react",
  "javascript",
  "node",
]
`;
